// Jest Snapshot v1, https://goo.gl/fbAQLP

exports[`RemoteTransfer model contructor should create a normalized transfer 1`] = `
RemoteTransfer {
  "expires_at": 2018-01-01T00:00:00.000Z,
  "files": Array [
    Object {
      "id": "random-hash",
      "multipart": undefined,
      "name": "kittie.gif",
      "size": 1024,
      "type": "file",
    },
  ],
  "id": "random-hash",
  "message": "Little kittens",
  "state": "uploading",
  "url": "https://we.tl/t-random-hash",
}
`;
