// Jest Snapshot v1, https://goo.gl/fbAQLP

exports[`Create board action should create a new board request 1`] = `
RemoteBoard {
  "description": null,
  "id": "random-hash",
  "items": Array [],
  "name": "Little kittens",
  "state": "uploading",
  "url": "https://we.tl/s-random-hash",
}
`;
