// Jest Snapshot v1, https://goo.gl/fbAQLP

exports[`Add items action should create an add items request 1`] = `
Array [
  Object {
    "content_identifier": "file",
    "id": "random-hash",
    "local_identifier": "delightful-cat",
    "meta": Object {
      "multipart_parts": 3,
      "multipart_upload_id": "some.random-id--",
    },
    "name": "kittie.gif",
    "size": 195906,
  },
  Object {
    "content_identifier": "web_content",
    "id": "random-hash",
    "meta": Object {
      "title": "WeTransfer",
    },
  },
]
`;
