// Jest Snapshot v1, https://goo.gl/fbAQLP

exports[`createWTClient function should throw and error when no API KEY is provided 1`] = `[Error: No API Key provided]`;
